SQL> CREATE TABLE covid_patients_details(
  2  Id int,
  3  LastName varchar(255),
  4  FirstName varchar(255),
  5  address varchar(255),
  6  city varchar(255),
  7  report int);

Table created.

SQL> INSERT INTO covid_patients_details VALUES(1,'Doe','John','1 nagar','1 city',0);

1 row created.

SQL> INSERT INTO covid_patients_details VALUES(2,'Doe','John','2 nagar','2 city',1);

1 row created.

SQL> SELECT * FROM covid_patients_details;

        ID                                                                      
----------                                                                      
LASTNAME                                                                        
--------------------------------------------------------------------------------
FIRSTNAME                                                                       
--------------------------------------------------------------------------------
ADDRESS                                                                         
--------------------------------------------------------------------------------
CITY                                                                            
--------------------------------------------------------------------------------
    REPORT                                                                      
----------                                                                      
         1                                                                      

        ID                                                                      
----------                                                                      
LASTNAME                                                                        
--------------------------------------------------------------------------------
FIRSTNAME                                                                       
--------------------------------------------------------------------------------
ADDRESS                                                                         
--------------------------------------------------------------------------------
CITY                                                                            
--------------------------------------------------------------------------------
    REPORT                                                                      
----------                                                                      
Doe                                                                             

        ID                                                                      
----------                                                                      
LASTNAME                                                                        
--------------------------------------------------------------------------------
FIRSTNAME                                                                       
--------------------------------------------------------------------------------
ADDRESS                                                                         
--------------------------------------------------------------------------------
CITY                                                                            
--------------------------------------------------------------------------------
    REPORT                                                                      
----------                                                                      
John                                                                            

        ID                                                                      
----------                                                                      
LASTNAME                                                                        
--------------------------------------------------------------------------------
FIRSTNAME                                                                       
--------------------------------------------------------------------------------
ADDRESS                                                                         
--------------------------------------------------------------------------------
CITY                                                                            
--------------------------------------------------------------------------------
    REPORT                                                                      
----------                                                                      
1 nagar                                                                         

        ID                                                                      
----------                                                                      
LASTNAME                                                                        
--------------------------------------------------------------------------------
FIRSTNAME                                                                       
--------------------------------------------------------------------------------
ADDRESS                                                                         
--------------------------------------------------------------------------------
CITY                                                                            
--------------------------------------------------------------------------------
    REPORT                                                                      
----------                                                                      
1 city                                                                          

        ID                                                                      
----------                                                                      
LASTNAME                                                                        
--------------------------------------------------------------------------------
FIRSTNAME                                                                       
--------------------------------------------------------------------------------
ADDRESS                                                                         
--------------------------------------------------------------------------------
CITY                                                                            
--------------------------------------------------------------------------------
    REPORT                                                                      
----------                                                                      
         0                                                                      

        ID                                                                      
----------                                                                      
LASTNAME                                                                        
--------------------------------------------------------------------------------
FIRSTNAME                                                                       
--------------------------------------------------------------------------------
ADDRESS                                                                         
--------------------------------------------------------------------------------
CITY                                                                            
--------------------------------------------------------------------------------
    REPORT                                                                      
----------                                                                      
                                                                                

        ID                                                                      
----------                                                                      
LASTNAME                                                                        
--------------------------------------------------------------------------------
FIRSTNAME                                                                       
--------------------------------------------------------------------------------
ADDRESS                                                                         
--------------------------------------------------------------------------------
CITY                                                                            
--------------------------------------------------------------------------------
    REPORT                                                                      
----------                                                                      
         2                                                                      

        ID                                                                      
----------                                                                      
LASTNAME                                                                        
--------------------------------------------------------------------------------
FIRSTNAME                                                                       
--------------------------------------------------------------------------------
ADDRESS                                                                         
--------------------------------------------------------------------------------
CITY                                                                            
--------------------------------------------------------------------------------
    REPORT                                                                      
----------                                                                      
Doe                                                                             

        ID                                                                      
----------                                                                      
LASTNAME                                                                        
--------------------------------------------------------------------------------
FIRSTNAME                                                                       
--------------------------------------------------------------------------------
ADDRESS                                                                         
--------------------------------------------------------------------------------
CITY                                                                            
--------------------------------------------------------------------------------
    REPORT                                                                      
----------                                                                      
John                                                                            

        ID                                                                      
----------                                                                      
LASTNAME                                                                        
--------------------------------------------------------------------------------
FIRSTNAME                                                                       
--------------------------------------------------------------------------------
ADDRESS                                                                         
--------------------------------------------------------------------------------
CITY                                                                            
--------------------------------------------------------------------------------
    REPORT                                                                      
----------                                                                      
2 nagar                                                                         

        ID                                                                      
----------                                                                      
LASTNAME                                                                        
--------------------------------------------------------------------------------
FIRSTNAME                                                                       
--------------------------------------------------------------------------------
ADDRESS                                                                         
--------------------------------------------------------------------------------
CITY                                                                            
--------------------------------------------------------------------------------
    REPORT                                                                      
----------                                                                      
2 city                                                                          

        ID                                                                      
----------                                                                      
LASTNAME                                                                        
--------------------------------------------------------------------------------
FIRSTNAME                                                                       
--------------------------------------------------------------------------------
ADDRESS                                                                         
--------------------------------------------------------------------------------
CITY                                                                            
--------------------------------------------------------------------------------
    REPORT                                                                      
----------                                                                      
         1                                                                      

        ID                                                                      
----------                                                                      
LASTNAME                                                                        
--------------------------------------------------------------------------------
FIRSTNAME                                                                       
--------------------------------------------------------------------------------
ADDRESS                                                                         
--------------------------------------------------------------------------------
CITY                                                                            
--------------------------------------------------------------------------------
    REPORT                                                                      
----------                                                                      
                                                                                

SQL> UPDATE covid_patients_details report=0;
UPDATE covid_patients_details report=0
                                    *
ERROR at line 1:
ORA-00971: missing SET keyword 


SQL> UPDATE covid_patients_details SET  report=0;

2 rows updated.

SQL> SELECT * FROM covid_patients_details;

        ID                                                                      
----------                                                                      
LASTNAME                                                                        
--------------------------------------------------------------------------------
FIRSTNAME                                                                       
--------------------------------------------------------------------------------
ADDRESS                                                                         
--------------------------------------------------------------------------------
CITY                                                                            
--------------------------------------------------------------------------------
    REPORT                                                                      
----------                                                                      
         1                                                                      

        ID                                                                      
----------                                                                      
LASTNAME                                                                        
--------------------------------------------------------------------------------
FIRSTNAME                                                                       
--------------------------------------------------------------------------------
ADDRESS                                                                         
--------------------------------------------------------------------------------
CITY                                                                            
--------------------------------------------------------------------------------
    REPORT                                                                      
----------                                                                      
Doe                                                                             

        ID                                                                      
----------                                                                      
LASTNAME                                                                        
--------------------------------------------------------------------------------
FIRSTNAME                                                                       
--------------------------------------------------------------------------------
ADDRESS                                                                         
--------------------------------------------------------------------------------
CITY                                                                            
--------------------------------------------------------------------------------
    REPORT                                                                      
----------                                                                      
John                                                                            

        ID                                                                      
----------                                                                      
LASTNAME                                                                        
--------------------------------------------------------------------------------
FIRSTNAME                                                                       
--------------------------------------------------------------------------------
ADDRESS                                                                         
--------------------------------------------------------------------------------
CITY                                                                            
--------------------------------------------------------------------------------
    REPORT                                                                      
----------                                                                      
1 nagar                                                                         

        ID                                                                      
----------                                                                      
LASTNAME                                                                        
--------------------------------------------------------------------------------
FIRSTNAME                                                                       
--------------------------------------------------------------------------------
ADDRESS                                                                         
--------------------------------------------------------------------------------
CITY                                                                            
--------------------------------------------------------------------------------
    REPORT                                                                      
----------                                                                      
1 city                                                                          

        ID                                                                      
----------                                                                      
LASTNAME                                                                        
--------------------------------------------------------------------------------
FIRSTNAME                                                                       
--------------------------------------------------------------------------------
ADDRESS                                                                         
--------------------------------------------------------------------------------
CITY                                                                            
--------------------------------------------------------------------------------
    REPORT                                                                      
----------                                                                      
         0                                                                      

        ID                                                                      
----------                                                                      
LASTNAME                                                                        
--------------------------------------------------------------------------------
FIRSTNAME                                                                       
--------------------------------------------------------------------------------
ADDRESS                                                                         
--------------------------------------------------------------------------------
CITY                                                                            
--------------------------------------------------------------------------------
    REPORT                                                                      
----------                                                                      
                                                                                

        ID                                                                      
----------                                                                      
LASTNAME                                                                        
--------------------------------------------------------------------------------
FIRSTNAME                                                                       
--------------------------------------------------------------------------------
ADDRESS                                                                         
--------------------------------------------------------------------------------
CITY                                                                            
--------------------------------------------------------------------------------
    REPORT                                                                      
----------                                                                      
         2                                                                      

        ID                                                                      
----------                                                                      
LASTNAME                                                                        
--------------------------------------------------------------------------------
FIRSTNAME                                                                       
--------------------------------------------------------------------------------
ADDRESS                                                                         
--------------------------------------------------------------------------------
CITY                                                                            
--------------------------------------------------------------------------------
    REPORT                                                                      
----------                                                                      
Doe                                                                             

        ID                                                                      
----------                                                                      
LASTNAME                                                                        
--------------------------------------------------------------------------------
FIRSTNAME                                                                       
--------------------------------------------------------------------------------
ADDRESS                                                                         
--------------------------------------------------------------------------------
CITY                                                                            
--------------------------------------------------------------------------------
    REPORT                                                                      
----------                                                                      
John                                                                            

        ID                                                                      
----------                                                                      
LASTNAME                                                                        
--------------------------------------------------------------------------------
FIRSTNAME                                                                       
--------------------------------------------------------------------------------
ADDRESS                                                                         
--------------------------------------------------------------------------------
CITY                                                                            
--------------------------------------------------------------------------------
    REPORT                                                                      
----------                                                                      
2 nagar                                                                         

        ID                                                                      
----------                                                                      
LASTNAME                                                                        
--------------------------------------------------------------------------------
FIRSTNAME                                                                       
--------------------------------------------------------------------------------
ADDRESS                                                                         
--------------------------------------------------------------------------------
CITY                                                                            
--------------------------------------------------------------------------------
    REPORT                                                                      
----------                                                                      
2 city                                                                          

        ID                                                                      
----------                                                                      
LASTNAME                                                                        
--------------------------------------------------------------------------------
FIRSTNAME                                                                       
--------------------------------------------------------------------------------
ADDRESS                                                                         
--------------------------------------------------------------------------------
CITY                                                                            
--------------------------------------------------------------------------------
    REPORT                                                                      
----------                                                                      
         0                                                                      

        ID                                                                      
----------                                                                      
LASTNAME                                                                        
--------------------------------------------------------------------------------
FIRSTNAME                                                                       
--------------------------------------------------------------------------------
ADDRESS                                                                         
--------------------------------------------------------------------------------
CITY                                                                            
--------------------------------------------------------------------------------
    REPORT                                                                      
----------                                                                      
                                                                                

SQL> DELETE FROM covid_patients_details WHERE Id=1;

1 row deleted.

SQL> SELECT * FROM covid_patients_details;

        ID                                                                      
----------                                                                      
LASTNAME                                                                        
--------------------------------------------------------------------------------
FIRSTNAME                                                                       
--------------------------------------------------------------------------------
ADDRESS                                                                         
--------------------------------------------------------------------------------
CITY                                                                            
--------------------------------------------------------------------------------
    REPORT                                                                      
----------                                                                      
         2                                                                      

        ID                                                                      
----------                                                                      
LASTNAME                                                                        
--------------------------------------------------------------------------------
FIRSTNAME                                                                       
--------------------------------------------------------------------------------
ADDRESS                                                                         
--------------------------------------------------------------------------------
CITY                                                                            
--------------------------------------------------------------------------------
    REPORT                                                                      
----------                                                                      
Doe                                                                             

        ID                                                                      
----------                                                                      
LASTNAME                                                                        
--------------------------------------------------------------------------------
FIRSTNAME                                                                       
--------------------------------------------------------------------------------
ADDRESS                                                                         
--------------------------------------------------------------------------------
CITY                                                                            
--------------------------------------------------------------------------------
    REPORT                                                                      
----------                                                                      
John                                                                            

        ID                                                                      
----------                                                                      
LASTNAME                                                                        
--------------------------------------------------------------------------------
FIRSTNAME                                                                       
--------------------------------------------------------------------------------
ADDRESS                                                                         
--------------------------------------------------------------------------------
CITY                                                                            
--------------------------------------------------------------------------------
    REPORT                                                                      
----------                                                                      
2 nagar                                                                         

        ID                                                                      
----------                                                                      
LASTNAME                                                                        
--------------------------------------------------------------------------------
FIRSTNAME                                                                       
--------------------------------------------------------------------------------
ADDRESS                                                                         
--------------------------------------------------------------------------------
CITY                                                                            
--------------------------------------------------------------------------------
    REPORT                                                                      
----------                                                                      
2 city                                                                          

        ID                                                                      
----------                                                                      
LASTNAME                                                                        
--------------------------------------------------------------------------------
FIRSTNAME                                                                       
--------------------------------------------------------------------------------
ADDRESS                                                                         
--------------------------------------------------------------------------------
CITY                                                                            
--------------------------------------------------------------------------------
    REPORT                                                                      
----------                                                                      
         0                                                                      

        ID                                                                      
----------                                                                      
LASTNAME                                                                        
--------------------------------------------------------------------------------
FIRSTNAME                                                                       
--------------------------------------------------------------------------------
ADDRESS                                                                         
--------------------------------------------------------------------------------
CITY                                                                            
--------------------------------------------------------------------------------
    REPORT                                                                      
----------                                                                      
                                                                                

SQL> SPOOL off
